
> aicod-frontend@0.1.0 build
> next build

npm : [baseline-browser-mapping] 
The data in this module is over 
two months old.  To ensure 
accurate Baseline data, please 
update: `npm i 
baseline-browser-mapping@latest -D`
At line:1 char:1
+ npm run build > build_error.log 
2>&1
+ ~~~~~~~~~~~~~~~~~~~~~~~~~~~~~~~~~
~~~
    + CategoryInfo          : NotS 
   pecified: ([baseline-brows...p  
  ing@latest -D`:String) [], Rem   
 oteException
    + FullyQualifiedErrorId : Nati 
   veCommandError
 
   Γû▓ Next.js 16.0.10 (Turbopack)
   - Environments: .env

   Creating an optimized production build ...
[baseline-browser-mapping] The 
data in this module is over two 
months old.  To ensure accurate 
Baseline data, please update: `npm 
i baseline-browser-mapping@latest 
-D`
[baseline-browser-mapping] The 
data in this module is over two 
months old.  To ensure accurate 
Baseline data, please update: `npm 
i baseline-browser-mapping@latest 
-D`
 Γ£ô Compiled successfully in 20.7s
   Skipping validation of types
   Collecting page data using 7 workers ...
[baseline-browser-mapping] The 
data in this module is over two 
months old.  To ensure accurate 
Baseline data, please update: `npm 
i baseline-browser-mapping@latest 
-D`
[baseline-browser-mapping] The 
data in this module is over two 
months old.  To ensure accurate 
Baseline data, please update: `npm 
i baseline-browser-mapping@latest 
-D`
[baseline-browser-mapping] The 
data in this module is over two 
months old.  To ensure accurate 
Baseline data, please update: `npm 
i baseline-browser-mapping@latest 
-D`
[baseline-browser-mapping] The 
data in this module is over two 
months old.  To ensure accurate 
Baseline data, please update: `npm 
i baseline-browser-mapping@latest 
-D`
[baseline-browser-mapping] The 
data in this module is over two 
months old.  To ensure accurate 
Baseline data, please update: `npm 
i baseline-browser-mapping@latest 
-D`
[baseline-browser-mapping] The 
data in this module is over two 
months old.  To ensure accurate 
Baseline data, please update: `npm 
i baseline-browser-mapping@latest 
-D`
[baseline-browser-mapping] The 
data in this module is over two 
months old.  To ensure accurate 
Baseline data, please update: `npm 
i baseline-browser-mapping@latest 
-D`
   Generating static pages using 7 workers (0/16) ...
[baseline-browser-mapping] The 
data in this module is over two 
months old.  To ensure accurate 
Baseline data, please update: `npm 
i baseline-browser-mapping@latest 
-D`
   Generating static pages using 7 workers (4/16) 
   Generating static pages using 7 workers (8/16) 
contentService {
  getHomepageData: [AsyncFunction: getHomepageData],
  getContentSections: [AsyncFunction: getContentSections],
  getContentSectionByKey: [AsyncFunction: getContentSectionByKey],
  getHeroByPage: [AsyncFunction: getHeroByPage],
  getMenuByLocation: [AsyncFunction: getMenuByLocation]
}
[API Request] Fetching: http://admin.albertinecommunity.org/api/v1/companies
[API Request] Fetching: http://admin.albertinecommunity.org/api/v1/auth/profile
   Generating static pages using 7 workers (12/16) 
[API Error] Request to http://admin
.albertinecommunity.org/api/v1/auth
/profile failed: Error [ApiError]: 
The GET method is not supported 
for route api/v1/auth/profile. 
Supported methods: PUT.
    at c (C:\Users\User\aicod-front
end\.next\server\chunks\ssr\_c3d757
17._.js:3:1715)
    at async f (C:\Users\User\aicod
-frontend\.next\server\chunks\ssr\[
root-of-the-server]__d131f179._.js:
1:502) {
  status: 405,
  data: [Object]
}
Staff API not fully available yet
[API Response] Data from http://admin.albertinecommunity.org/api/v1/companies: {
  success: true,
  message: 'Companies retrieved successfully',
  data: {
    current_page: 1,
    data: [ [Object] ],
    first_page_url: 'http://admin.albertinecommunity.org/api/v1/companies?page=1',
    from: 1,
    last_page: 1,
    last_page_url: 'http://admin.albertinecommunity.org/api/v1/companies?page=1',
    links: [ [Object], [Object], [Object] ],
    next_page_url: null,
    path: 'http://admin.albertinecommunity.org/api/v1/companies',
    per_page: 15,
    prev_page_url: null,
    to: 1,
    total: 1
  }
}
Error occurred prerendering page 
"/partners". Read more: https://nex
tjs.org/docs/messages/prerender-err
or
TypeError: i.map is not a function
    at i (C:\Users\User\aicod-front
end\.next\server\chunks\ssr\[root-o
f-the-server]__b578ae59._.js:1:3197
) {
  digest: '289037234'
}
Export encountered an error on 
/partners/page: /partners, exiting 
the build.
 Γ¿» Next.js build worker exited 
with code: 1 and signal: null
