src/lib/sitemap-tools.ts(8,5): error TS2769: No overload matches this call.
  The last overload gave the following error.
    Type '() => Promise<{ sitemap: { title: string; url: string; description?: string; }[]; }>' is not assignable to type 'undefined'.
